// Jest Snapshot v1, https://goo.gl/fbAQLP

exports[`App component renders App 1`] = `
<BrowserRouter>
  <Link
    to="/"
  >
    Home
  </Link>
  <Switch>
    <Route
      component={
        Object {
          "$$typeof": Symbol(react.memo),
          "WrappedComponent": [Function],
          "compare": null,
          "displayName": "Connect(LinkById)",
          "type": [Function],
        }
      }
      path="/:id"
    />
    <Route
      component={[Function]}
      exact={true}
      path="/"
    />
  </Switch>
</BrowserRouter>
`;
